2026-05-06 23:07:14,020 - root - INFO - Connecting to MongoDB...
2026-05-06 23:07:14,085 - root - INFO - Connected to MongoDB!
2026-05-06 23:08:17,830 - root - INFO - Closing MongoDB connection...
2026-05-06 23:08:17,830 - root - INFO - MongoDB connection closed!
2026-05-06 23:08:21,593 - root - INFO - Connecting to MongoDB...
2026-05-06 23:08:21,602 - root - INFO - Connected to MongoDB!
2026-05-06 23:12:32,689 - passlib.handlers.bcrypt - WARNING - (trapped) error reading bcrypt version
Traceback (most recent call last):
  File "C:\Users\bwali\AppData\Local\Programs\Python\Python310\lib\site-packages\passlib\handlers\bcrypt.py", line 620, in _load_backend_mixin
    version = _bcrypt.__about__.__version__
AttributeError: module 'bcrypt' has no attribute '__about__'
2026-05-06 23:12:43,301 - passlib.handlers.bcrypt - WARNING - (trapped) error reading bcrypt version
Traceback (most recent call last):
  File "C:\Users\bwali\AppData\Local\Programs\Python\Python310\lib\site-packages\passlib\handlers\bcrypt.py", line 620, in _load_backend_mixin
    version = _bcrypt.__about__.__version__
AttributeError: module 'bcrypt' has no attribute '__about__'
2026-05-06 23:13:17,650 - passlib.handlers.bcrypt - WARNING - (trapped) error reading bcrypt version
Traceback (most recent call last):
  File "C:\Users\bwali\AppData\Local\Programs\Python\Python310\lib\site-packages\passlib\handlers\bcrypt.py", line 620, in _load_backend_mixin
    version = _bcrypt.__about__.__version__
AttributeError: module 'bcrypt' has no attribute '__about__'
2026-05-06 23:13:19,196 - passlib.handlers.bcrypt - WARNING - (trapped) error reading bcrypt version
Traceback (most recent call last):
  File "C:\Users\bwali\AppData\Local\Programs\Python\Python310\lib\site-packages\passlib\handlers\bcrypt.py", line 620, in _load_backend_mixin
    version = _bcrypt.__about__.__version__
AttributeError: module 'bcrypt' has no attribute '__about__'
2026-05-06 23:13:20,151 - passlib.handlers.bcrypt - WARNING - (trapped) error reading bcrypt version
Traceback (most recent call last):
  File "C:\Users\bwali\AppData\Local\Programs\Python\Python310\lib\site-packages\passlib\handlers\bcrypt.py", line 620, in _load_backend_mixin
    version = _bcrypt.__about__.__version__
AttributeError: module 'bcrypt' has no attribute '__about__'
2026-05-06 23:14:12,516 - root - INFO - Closing MongoDB connection...
2026-05-06 23:14:12,528 - root - INFO - MongoDB connection closed!
2026-05-06 23:14:14,108 - root - INFO - Connecting to MongoDB...
2026-05-06 23:14:14,118 - root - INFO - Connected to MongoDB!
2026-05-06 23:35:05,768 - root - INFO - Closing MongoDB connection...
2026-05-06 23:35:05,769 - root - INFO - MongoDB connection closed!
2026-05-06 23:35:07,360 - root - INFO - Connecting to MongoDB...
2026-05-06 23:35:07,370 - root - INFO - Connected to MongoDB!
2026-05-06 23:35:23,128 - root - INFO - Closing MongoDB connection...
2026-05-06 23:35:23,128 - root - INFO - MongoDB connection closed!
2026-05-06 23:35:24,497 - root - INFO - Connecting to MongoDB...
2026-05-06 23:35:24,507 - root - INFO - Connected to MongoDB!
2026-05-06 23:35:35,671 - root - INFO - Closing MongoDB connection...
2026-05-06 23:35:35,672 - root - INFO - MongoDB connection closed!
2026-05-06 23:35:37,000 - root - INFO - Connecting to MongoDB...
2026-05-06 23:35:37,010 - root - INFO - Connected to MongoDB!
2026-05-06 23:35:55,353 - root - INFO - Closing MongoDB connection...
2026-05-06 23:35:55,353 - root - INFO - MongoDB connection closed!
2026-05-06 23:35:56,675 - root - INFO - Connecting to MongoDB...
2026-05-06 23:35:56,686 - root - INFO - Connected to MongoDB!
2026-05-06 23:36:13,172 - root - INFO - Closing MongoDB connection...
2026-05-06 23:36:13,172 - root - INFO - MongoDB connection closed!
2026-05-06 23:36:14,498 - root - INFO - Connecting to MongoDB...
2026-05-06 23:36:14,507 - root - INFO - Connected to MongoDB!
2026-05-06 23:36:37,097 - root - INFO - Closing MongoDB connection...
2026-05-06 23:36:37,097 - root - INFO - MongoDB connection closed!
2026-05-06 23:36:38,316 - root - INFO - Connecting to MongoDB...
2026-05-06 23:36:38,324 - root - INFO - Connected to MongoDB!
2026-05-06 23:36:48,812 - root - INFO - Closing MongoDB connection...
2026-05-06 23:36:48,812 - root - INFO - MongoDB connection closed!
2026-05-06 23:36:50,116 - root - INFO - Connecting to MongoDB...
2026-05-06 23:36:50,126 - root - INFO - Connected to MongoDB!
2026-05-06 23:37:02,150 - root - INFO - Closing MongoDB connection...
2026-05-06 23:37:02,151 - root - INFO - MongoDB connection closed!
2026-05-06 23:37:03,462 - root - INFO - Connecting to MongoDB...
2026-05-06 23:37:03,472 - root - INFO - Connected to MongoDB!
2026-05-06 23:37:15,690 - root - INFO - Closing MongoDB connection...
2026-05-06 23:37:15,690 - root - INFO - MongoDB connection closed!
2026-05-06 23:37:17,055 - root - INFO - Connecting to MongoDB...
2026-05-06 23:37:17,065 - root - INFO - Connected to MongoDB!
2026-05-06 23:39:39,438 - root - INFO - Closing MongoDB connection...
2026-05-06 23:39:39,440 - root - INFO - MongoDB connection closed!
2026-05-06 23:39:40,959 - root - INFO - Connecting to MongoDB...
2026-05-06 23:39:40,969 - root - INFO - Connected to MongoDB!
2026-05-06 23:40:16,628 - root - INFO - Closing MongoDB connection...
2026-05-06 23:40:16,629 - root - INFO - MongoDB connection closed!
2026-05-06 23:40:21,732 - root - INFO - Connecting to MongoDB...
2026-05-06 23:40:21,741 - root - INFO - Connected to MongoDB!
2026-05-07 00:05:16,686 - root - INFO - Closing MongoDB connection...
2026-05-07 00:05:16,688 - root - INFO - MongoDB connection closed!
2026-05-07 00:05:18,761 - root - INFO - Connecting to MongoDB...
2026-05-07 00:05:18,774 - root - INFO - Connected to MongoDB!
2026-05-07 00:05:26,869 - root - INFO - Closing MongoDB connection...
2026-05-07 00:05:26,870 - root - INFO - MongoDB connection closed!
2026-05-07 00:05:28,404 - root - INFO - Connecting to MongoDB...
2026-05-07 00:05:28,415 - root - INFO - Connected to MongoDB!
2026-05-07 00:06:08,536 - root - INFO - Closing MongoDB connection...
2026-05-07 00:06:08,536 - root - INFO - MongoDB connection closed!
2026-05-07 00:06:10,035 - root - INFO - Connecting to MongoDB...
2026-05-07 00:06:10,045 - root - INFO - Connected to MongoDB!
2026-05-07 00:06:20,741 - root - INFO - Closing MongoDB connection...
2026-05-07 00:06:20,741 - root - INFO - MongoDB connection closed!
2026-05-07 00:06:22,199 - root - INFO - Connecting to MongoDB...
2026-05-07 00:06:22,209 - root - INFO - Connected to MongoDB!
2026-05-07 00:09:31,216 - root - INFO - Closing MongoDB connection...
2026-05-07 00:09:31,217 - root - INFO - MongoDB connection closed!
2026-05-07 00:09:32,959 - root - INFO - Connecting to MongoDB...
2026-05-07 00:09:32,971 - root - INFO - Connected to MongoDB!
2026-05-07 00:09:45,105 - root - INFO - Closing MongoDB connection...
2026-05-07 00:09:45,106 - root - INFO - MongoDB connection closed!
2026-05-07 00:09:46,625 - root - INFO - Connecting to MongoDB...
2026-05-07 00:09:46,634 - root - INFO - Connected to MongoDB!
2026-05-07 00:09:55,141 - root - INFO - Closing MongoDB connection...
2026-05-07 00:09:55,142 - root - INFO - MongoDB connection closed!
2026-05-07 00:09:56,543 - root - INFO - Connecting to MongoDB...
2026-05-07 00:09:56,552 - root - INFO - Connected to MongoDB!
2026-05-07 00:10:04,731 - root - INFO - Closing MongoDB connection...
2026-05-07 00:10:04,731 - root - INFO - MongoDB connection closed!
2026-05-07 00:10:06,211 - root - INFO - Connecting to MongoDB...
2026-05-07 00:10:06,220 - root - INFO - Connected to MongoDB!
2026-05-07 00:10:25,184 - root - INFO - Closing MongoDB connection...
2026-05-07 00:10:25,184 - root - INFO - MongoDB connection closed!
2026-05-07 00:10:26,604 - root - INFO - Connecting to MongoDB...
2026-05-07 00:10:26,613 - root - INFO - Connected to MongoDB!
2026-05-07 00:10:39,796 - root - INFO - Closing MongoDB connection...
2026-05-07 00:10:39,796 - root - INFO - MongoDB connection closed!
2026-05-07 00:10:41,264 - root - INFO - Connecting to MongoDB...
2026-05-07 00:10:41,274 - root - INFO - Connected to MongoDB!
2026-05-07 00:14:18,428 - root - INFO - Closing MongoDB connection...
2026-05-07 00:14:18,430 - root - INFO - MongoDB connection closed!
2026-05-07 00:14:22,884 - root - INFO - Connecting to MongoDB...
2026-05-07 00:14:22,893 - root - INFO - Connected to MongoDB!
2026-05-07 00:14:57,444 - root - INFO - Closing MongoDB connection...
2026-05-07 00:14:57,444 - root - INFO - MongoDB connection closed!
2026-05-07 00:14:59,256 - root - INFO - Connecting to MongoDB...
2026-05-07 00:14:59,267 - root - INFO - Connected to MongoDB!
2026-05-07 00:15:46,365 - services.email_service - WARNING - SMTP not configured. Skipping email to bwalid819@gmail.com. Content:
<p>Your ticket <b>#0319FC</b> status is now: <b>CLOSED</b>.</p>
2026-05-07 00:16:39,855 - services.email_service - WARNING - SMTP not configured. Skipping email to bwalid819@gmail.com. Content:
<p>Your ticket <b>#0319FC</b> status is now: <b>CLOSED</b>.</p>
2026-05-07 00:16:41,423 - services.email_service - WARNING - SMTP not configured. Skipping email to bwalid819@gmail.com. Content:
<p>Your ticket <b>#0319FC</b> status is now: <b>CLOSED</b>.</p>
2026-05-07 00:16:42,251 - services.email_service - WARNING - SMTP not configured. Skipping email to bwalid819@gmail.com. Content:
<p>Your ticket <b>#0319FC</b> status is now: <b>CLOSED</b>.</p>
2026-05-07 00:16:52,796 - services.email_service - WARNING - SMTP not configured. Skipping email to bwalid819@gmail.com. Content:
<p>Your ticket <b>#0319FC</b> status is now: <b>IN_PROGRESS</b>.</p>
2026-05-07 00:16:59,440 - services.email_service - WARNING - SMTP not configured. Skipping email to bwalid819@gmail.com. Content:
<p>Your ticket <b>#0319FC</b> status is now: <b>CLOSED</b>.</p>
2026-05-07 00:17:03,782 - services.email_service - WARNING - SMTP not configured. Skipping email to bwalid819@gmail.com. Content:
<p>Your ticket <b>#0319FC</b> status is now: <b>IN_PROGRESS</b>.</p>
2026-05-07 00:25:38,761 - root - INFO - Closing MongoDB connection...
2026-05-07 00:25:38,762 - root - INFO - MongoDB connection closed!
2026-05-07 00:25:40,654 - root - INFO - Connecting to MongoDB...
2026-05-07 00:25:40,664 - root - INFO - Connected to MongoDB!
2026-05-07 00:25:59,997 - root - INFO - Closing MongoDB connection...
2026-05-07 00:25:59,997 - root - INFO - MongoDB connection closed!
2026-05-07 00:26:01,339 - root - INFO - Connecting to MongoDB...
2026-05-07 00:26:01,349 - root - INFO - Connected to MongoDB!
2026-05-07 00:26:27,741 - root - INFO - Closing MongoDB connection...
2026-05-07 00:26:27,741 - root - INFO - MongoDB connection closed!
2026-05-07 00:26:29,138 - root - INFO - Connecting to MongoDB...
2026-05-07 00:26:29,148 - root - INFO - Connected to MongoDB!
2026-05-07 00:26:43,792 - root - INFO - Closing MongoDB connection...
2026-05-07 00:26:43,792 - root - INFO - MongoDB connection closed!
2026-05-07 00:26:45,141 - root - INFO - Connecting to MongoDB...
2026-05-07 00:26:45,150 - root - INFO - Connected to MongoDB!
2026-05-07 00:30:14,256 - services.email_service - WARNING - SMTP not configured. Skipping email to bwalid819@gmail.com. Content:
<p>Your ticket <b>#E4F368</b> has been received and is currently in status: <b>OPEN</b>.</p>
2026-05-07 00:34:52,895 - root - INFO - Closing MongoDB connection...
2026-05-07 00:34:52,896 - root - INFO - MongoDB connection closed!
2026-05-07 00:34:54,471 - root - INFO - Connecting to MongoDB...
2026-05-07 00:34:54,481 - root - INFO - Connected to MongoDB!
2026-05-07 00:35:01,037 - root - INFO - Closing MongoDB connection...
2026-05-07 00:35:01,037 - root - INFO - MongoDB connection closed!
2026-05-07 00:35:02,439 - root - INFO - Connecting to MongoDB...
2026-05-07 00:35:02,449 - root - INFO - Connected to MongoDB!
2026-05-07 00:40:03,853 - services.email_service - WARNING - SMTP not configured. Skipping email to bwalid819@gmail.com. Content:
<p>Your ticket <b>#E4F368</b> status is now: <b>IN_PROGRESS</b>.</p>
2026-05-07 00:40:21,649 - services.email_service - WARNING - SMTP not configured. Skipping email to bwalid819@gmail.com. Content:
<p>Your ticket <b>#E4F368</b> status is now: <b>CLOSED</b>.</p>
2026-05-07 00:40:28,363 - services.email_service - WARNING - SMTP not configured. Skipping email to bwalid819@gmail.com. Content:
<p>Your ticket <b>#E4F368</b> status is now: <b>OPEN</b>.</p>
2026-05-07 11:57:33,893 - root - INFO - Connecting to MongoDB...
2026-05-07 11:57:34,244 - root - INFO - Connected to MongoDB!
2026-05-07 12:14:12,027 - root - INFO - Connecting to MongoDB...
2026-05-07 12:14:12,067 - root - INFO - Connected to MongoDB!
2026-05-07 13:18:43,452 - root - INFO - Closing MongoDB connection...
2026-05-07 13:18:43,455 - root - INFO - MongoDB connection closed!
2026-05-08 11:05:56,191 - root - INFO - Connecting to MongoDB...
2026-05-08 11:05:56,457 - root - INFO - Connected to MongoDB!
2026-05-08 11:38:56,906 - root - INFO - Closing MongoDB connection...
2026-05-08 11:38:56,909 - root - INFO - MongoDB connection closed!
2026-05-08 11:44:52,001 - root - INFO - Connecting to MongoDB...
2026-05-08 11:44:52,009 - root - INFO - Connected to MongoDB!
